=== SFT Go Tournament Referee ===
Starting 8-round match on 9x9 board (search ceiling 3)...
Opponent command: katago gtp
>>> SEND: boardsize 9
<<< RECV: ['=']
>>> SEND: clear_board
<<< RECV: ['=']
>>> SEND: play B C7
<<< RECV: ['=']
>>> SEND: genmove W
<<< RECV: ['= F4']
>>> SEND: play B C8
<<< RECV: ['=']
>>> SEND: genmove W
<<< RECV: ['= D4']
>>> SEND: play B E4
<<< RECV: ['=']
>>> SEND: genmove W
<<< RECV: ['= E5']
>>> SEND: play B E3
<<< RECV: ['=']
>>> SEND: genmove W
<<< RECV: ['= F3']
>>> SEND: play B E2
<<< RECV: ['=']
>>> SEND: genmove W
<<< RECV: ['= F6']
>>> SEND: play B F7
<<< RECV: ['=']
>>> SEND: genmove W
<<< RECV: ['= C3']
>>> SEND: play B G6
<<< RECV: ['=']
>>> SEND: genmove W
<<< RECV: ['= G5']
>>> SEND: play B E6
<<< RECV: ['=']
>>> SEND: genmove W
<<< RECV: ['= F5']
>>> SEND: play B D6
<<< RECV: ['=']
>>> SEND: genmove W
<<< RECV: ['= G7']
>>> SEND: play B G8
<<< RECV: ['=']
>>> SEND: genmove W
<<< RECV: ['= H6']
>>> SEND: play B H7
<<< RECV: ['=']
>>> SEND: genmove W
<<< RECV: ['= D5']
>>> SEND: play B C5
<<< RECV: ['=']
>>> SEND: genmove W
<<< RECV: ['= B5']
>>> SEND: play B B6
<<< RECV: ['=']
>>> SEND: genmove W
<<< RECV: ['= G6']
>>> SEND: play B A5
<<< RECV: ['=']
>>> SEND: genmove W
<<< RECV: ['= F8']
>>> SEND: play B B4
<<< RECV: ['=']
>>> SEND: genmove W
<<< RECV: ['= E7']
>>> SEND: play B G9
<<< RECV: ['=']
>>> SEND: genmove W
<<< RECV: ['= B3']
>>> SEND: play B F9
<<< RECV: ['=']
>>> SEND: genmove W
<<< RECV: ['= E9']
>>> SEND: play B D9
<<< RECV: ['=']
>>> SEND: genmove W
<<< RECV: ['= E8']
>>> SEND: play B H8
<<< RECV: ['=']
>>> SEND: genmove W
<<< RECV: ['= A3']
>>> SEND: play B B2
<<< RECV: ['=']
>>> SEND: genmove W
<<< RECV: ['= C4']
>>> SEND: play B H5
<<< RECV: ['=']
>>> SEND: genmove W
<<< RECV: ['= D7']
>>> SEND: play B G3
<<< RECV: ['=']
>>> SEND: genmove W
<<< RECV: ['= F2']
>>> SEND: play B F1
<<< RECV: ['=']
>>> SEND: genmove W
<<< RECV: ['= C6']
>>> SEND: play B D6
<<< RECV: ['=']
>>> SEND: genmove W
<<< RECV: ['= A4']
>>> SEND: play B B8
<<< RECV: ['=']
>>> SEND: genmove W
<<< RECV: ['= B5']
>>> SEND: play B J8
<<< RECV: ['=']
>>> SEND: genmove W
<<< RECV: ['= C6']
>>> SEND: play B A8
<<< RECV: ['=']
>>> SEND: genmove W
<<< RECV: ['= A7']
>>> SEND: play B J6
<<< RECV: ['=']
>>> SEND: genmove W
<<< RECV: ['= H4']
>>> SEND: play B C5
<<< RECV: ['=']
>>> SEND: genmove W
<<< RECV: ['= A6']
>>> SEND: play B B7
<<< RECV: ['=']
>>> SEND: genmove W
<<< RECV: ['= H3']
>>> SEND: play B H2
<<< RECV: ['=']
>>> SEND: genmove W
<<< RECV: ['= B9']
>>> SEND: play B A5
<<< RECV: ['=']
>>> SEND: genmove W
<<< RECV: ['= A6']
>>> SEND: play B J5
<<< RECV: ['=']
>>> SEND: genmove W
<<< RECV: ['= J2']
>>> SEND: play B A7
<<< RECV: ['=']
>>> SEND: genmove W
<<< RECV: ['= B4']
>>> SEND: play B A5
<<< RECV: ['=']
>>> SEND: genmove W
<<< RECV: ['= C6']
>>> SEND: play B C2
<<< RECV: ['=']
>>> SEND: genmove W
<<< RECV: ['= A2']
>>> SEND: play B C5
<<< RECV: ['=']
>>> SEND: genmove W
<<< RECV: ['= A6']
>>> SEND: play B J4
<<< RECV: ['=']
>>> SEND: genmove W
<<< RECV: ['= J3']
>>> SEND: play B A5
<<< RECV: ['=']
>>> SEND: genmove W
<<< RECV: ['= J7']
>>> SEND: play B J6
<<< RECV: ['=']
>>> SEND: genmove W
<<< RECV: ['= J5']
>>> SEND: play B D3
<<< RECV: ['=']
>>> SEND: genmove W
<<< RECV: ['= B1']
>>> SEND: play B C1
<<< RECV: ['=']
>>> SEND: genmove W
<<< RECV: ['= E1']
>>> SEND: play B D1
<<< RECV: ['=']
>>> SEND: genmove W
<<< RECV: ['= G2']
>>> SEND: play B H1
<<< RECV: ['=']
>>> SEND: genmove W
<<< RECV: ['= J7']
>>> SEND: play B A1
<<< RECV: ['=']
>>> SEND: genmove W
<<< RECV: ['= C6']
>>> SEND: play B A9
<<< RECV: ['=']
>>> SEND: genmove W
<<< RECV: ['= A6']
>>> SEND: play B C5
<<< RECV: ['=']
>>> SEND: genmove W
<<< RECV: ['= A5']
>>> SEND: play B J6
<<< RECV: ['=']
>>> SEND: genmove W
<<< RECV: ['= C6']
>>> SEND: play B B1
<<< RECV: ['=']
>>> SEND: genmove W
<<< RECV: ['= G1']
>>> SEND: play B C5
<<< RECV: ['=']
>>> SEND: genmove W
<<< RECV: ['= J7']
>>> SEND: play B D8
<<< RECV: ['=']
>>> SEND: genmove W
<<< RECV: ['= C6']
>>> SEND: play B J6
<<< RECV: ['=']
>>> SEND: genmove W
<<< RECV: ['= J9']
>>> SEND: play B C5
<<< RECV: ['=']
>>> SEND: genmove W
<<< RECV: ['= F7']
>>> SEND: play B C9
<<< RECV: ['=']
>>> SEND: genmove W
<<< RECV: ['= J7']
>>> SEND: play B H9
<<< RECV: ['=']
>>> SEND: genmove W
<<< RECV: ['= E1']
>>> SEND: play B J6
<<< RECV: ['=']
>>> SEND: genmove W
<<< RECV: ['= D2']
>>> SEND: play B E3
<<< RECV: ['=']
>>> SEND: genmove W
<<< RECV: ['= J7']
>>> SEND: play B C2
<<< RECV: ['=']
>>> SEND: genmove W
<<< RECV: ['= C1']
>>> SEND: play B J6
<<< RECV: ['=']
>>> SEND: genmove W
<<< RECV: ['= D3']
>>> SEND: play B B1
<<< RECV: ['=']
>>> SEND: genmove W
<<< RECV: ['= J7']
>>> SEND: play B D1
<<< RECV: ['=']
>>> SEND: genmove W
<<< RECV: ['= J9']
>>> SEND: play B H9
<<< RECV: ['=']
>>> SEND: genmove W
<<< RECV: ['= B2']
>>> SEND: play B G8
<<< RECV: ['=']
>>> SEND: genmove W
<<< RECV: ['= J8']
>>> SEND: play B E2
<<< RECV: ['=']
>>> SEND: genmove W
<<< RECV: ['= H8']
>>> SEND: play B F1
<<< RECV: ['=']
>>> SEND: genmove W
<<< RECV: ['= E4']
>>> SEND: play B A1
<<< RECV: ['=']
>>> SEND: genmove W
<<< RECV: ['= C1']
>>> SEND: play B B1
<<< RECV: ['=']
>>> SEND: genmove W
<<< RECV: ['= E6']
>>> SEND: play B C2
<<< RECV: ['=']
>>> SEND: genmove W
<<< RECV: ['= G9']
>>> SEND: play B A1
<<< RECV: ['=']
>>> SEND: genmove W
<<< RECV: ['= C1']
>>> SEND: play B A1
<<< RECV: ['=']
>>> SEND: genmove W
<<< RECV: ['= J1']
>>> SEND: play B H2
<<< RECV: ['=']
>>> SEND: genmove W
<<< RECV: ['= H1']
>>> SEND: play B C6
<<< RECV: ['=']
>>> SEND: genmove W
<<< RECV: ['= B9']
>>> SEND: play B C9
<<< RECV: ['=']
>>> SEND: genmove W
<<< RECV: ['= D9']
>>> SEND: play B C8
<<< RECV: ['=']
>>> SEND: genmove W
<<< RECV: ['= B8']
>>> SEND: play B B7
<<< RECV: ['=']
>>> SEND: genmove W
<<< RECV: ['= C7']
>>> SEND: play B C6
<<< RECV: ['=']
>>> SEND: genmove W
<<< RECV: ['= B6']
>>> SEND: play B A8
<<< RECV: ['=']
>>> SEND: genmove W
<<< RECV: ['= E1']
>>> SEND: play B A9
<<< RECV: ['=']
>>> SEND: genmove W
<<< RECV: ['= A7']
>>> SEND: play B D6
<<< RECV: ['=']
>>> SEND: genmove W
<<< RECV: ['= G4']
>>> SEND: play B E2
<<< RECV: ['=']
>>> SEND: genmove W
<<< RECV: ['= B9']
>>> SEND: play B D8
<<< RECV: ['=']
>>> SEND: genmove W
<<< RECV: ['= B8']
>>> SEND: quit
<<< RECV: ['=']
Round 1: SFT=Black | Score B=4 W=81 | Winner: Opponent
>>> SEND: boardsize 9
<<< RECV: ['=']
>>> SEND: clear_board
<<< RECV: ['=']
>>> SEND: genmove B
<<< RECV: ['= E5']
>>> SEND: play W E6
<<< RECV: ['=']
>>> SEND: genmove B
<<< RECV: ['= F5']
>>> SEND: play W E7
<<< RECV: ['=']
>>> SEND: genmove B
<<< RECV: ['= D6']
>>> SEND: play W F4
<<< RECV: ['=']
>>> SEND: genmove B
<<< RECV: ['= D7']
>>> SEND: play W C7
<<< RECV: ['=']
>>> SEND: genmove B
<<< RECV: ['= D8']
>>> SEND: play W G5
<<< RECV: ['=']
>>> SEND: genmove B
<<< RECV: ['= G6']
>>> SEND: play W G7
<<< RECV: ['=']
>>> SEND: genmove B
<<< RECV: ['= G4']
>>> SEND: play W H4
<<< RECV: ['=']
>>> SEND: genmove B
<<< RECV: ['= H5']
>>> SEND: play W G3
<<< RECV: ['=']
>>> SEND: genmove B
<<< RECV: ['= D3']
>>> SEND: play W E3
<<< RECV: ['=']
>>> SEND: genmove B
<<< RECV: ['= E4']
>>> SEND: play W G5
<<< RECV: ['=']
>>> SEND: genmove B
<<< RECV: ['= E2']
>>> SEND: play W H6
<<< RECV: ['=']
>>> SEND: genmove B
<<< RECV: ['= G4']
>>> SEND: play W J5
<<< RECV: ['=']
>>> SEND: genmove B
<<< RECV: ['= G5']
>>> SEND: play W F3
<<< RECV: ['=']
>>> SEND: genmove B
<<< RECV: ['= H3']
>>> SEND: play W H2
<<< RECV: ['=']
>>> SEND: genmove B
<<< RECV: ['= J4']
>>> SEND: play W C3
<<< RECV: ['=']
>>> SEND: genmove B
<<< RECV: ['= C2']
>>> SEND: play W D4
<<< RECV: ['=']
>>> SEND: genmove B
<<< RECV: ['= D2']
>>> SEND: play W B2
<<< RECV: ['=']
>>> SEND: genmove B
<<< RECV: ['= C4']
>>> SEND: play W C5
<<< RECV: ['=']
>>> SEND: genmove B
<<< RECV: ['= D5']
>>> SEND: play W B4
<<< RECV: ['=']
>>> SEND: genmove B
<<< RECV: ['= B3']
>>> SEND: play W A3
<<< RECV: ['=']
>>> SEND: genmove B
<<< RECV: ['= C6']
>>> SEND: play W B6
<<< RECV: ['=']
>>> SEND: genmove B
<<< RECV: ['= C8']
>>> SEND: play W C3
<<< RECV: ['=']
>>> SEND: genmove B
<<< RECV: ['= B5']
>>> SEND: play W A5
<<< RECV: ['=']
>>> SEND: genmove B
<<< RECV: ['= C5']
>>> SEND: play W B8
<<< RECV: ['=']
>>> SEND: genmove B
<<< RECV: ['= H7']
>>> SEND: play W J3
<<< RECV: ['=']
>>> SEND: genmove B
<<< RECV: ['= J2']
>>> SEND: play W J1
<<< RECV: ['=']
>>> SEND: genmove B
<<< RECV: ['= H1']
>>> SEND: play W C9
<<< RECV: ['=']
>>> SEND: genmove B
<<< RECV: ['= B7']
>>> SEND: play W A7
<<< RECV: ['=']
>>> SEND: genmove B
<<< RECV: ['= A6']
>>> SEND: play W H8
<<< RECV: ['=']
>>> SEND: genmove B
<<< RECV: ['= J6']
>>> SEND: play W B6
<<< RECV: ['=']
>>> SEND: genmove B
<<< RECV: ['= J8']
>>> SEND: play W J9
<<< RECV: ['=']
>>> SEND: genmove B
<<< RECV: ['= H9']
>>> SEND: play W C7
<<< RECV: ['=']
>>> SEND: genmove B
<<< RECV: ['= B1']
>>> SEND: play W C1
<<< RECV: ['=']
>>> SEND: genmove B
<<< RECV: ['= B7']
>>> SEND: play W A1
<<< RECV: ['=']
>>> SEND: genmove B
<<< RECV: ['= B3']
>>> SEND: play W C7
<<< RECV: ['=']
>>> SEND: genmove B
<<< RECV: ['= C3']
>>> SEND: play W G9
<<< RECV: ['=']
>>> SEND: genmove B
<<< RECV: ['= G8']
>>> SEND: play W F8
<<< RECV: ['=']
>>> SEND: genmove B
<<< RECV: ['= F9']
>>> SEND: play W E9
<<< RECV: ['=']
>>> SEND: genmove B
<<< RECV: ['= A4']
>>> SEND: play W G9
<<< RECV: ['=']
>>> SEND: genmove B
<<< RECV: ['= F7']
>>> SEND: play W B4
<<< RECV: ['=']
>>> SEND: genmove B
<<< RECV: ['= F9']
>>> SEND: play W G1
<<< RECV: ['=']
>>> SEND: genmove B
<<< RECV: ['= F2']
>>> SEND: play W J1
<<< RECV: ['=']
>>> SEND: genmove B
<<< RECV: ['= F6']
>>> SEND: play W J3
<<< RECV: ['=']
>>> SEND: genmove B
<<< RECV: ['= G2']
>>> SEND: play W G9
<<< RECV: ['=']
>>> SEND: genmove B
<<< RECV: ['= J2']
>>> SEND: play W F3
<<< RECV: ['=']
>>> SEND: genmove B
<<< RECV: ['= G3']
>>> SEND: play W J3
<<< RECV: ['=']
>>> SEND: genmove B
<<< RECV: ['= B7']
>>> SEND: play W B9
<<< RECV: ['=']
>>> SEND: genmove B
<<< RECV: ['= A6']
>>> SEND: play W F4
<<< RECV: ['=']
>>> SEND: genmove B
<<< RECV: ['= D1']
>>> SEND: play W B6
<<< RECV: ['=']
>>> SEND: genmove B
<<< RECV: ['= E8']
>>> SEND: play W C7
<<< RECV: ['=']
>>> SEND: genmove B
<<< RECV: ['= A4']
>>> SEND: play W E7
<<< RECV: ['=']
>>> SEND: genmove B
<<< RECV: ['= B7']
>>> SEND: play W B4
<<< RECV: ['=']
>>> SEND: genmove B
<<< RECV: ['= A6']
>>> SEND: play W D9
<<< RECV: ['=']
>>> SEND: genmove B
<<< RECV: ['= A4']
>>> SEND: play W E1
<<< RECV: ['=']
>>> SEND: genmove B
<<< RECV: ['= F9']
>>> SEND: play W A8
<<< RECV: ['=']
>>> SEND: genmove B
<<< RECV: ['= A9']
>>> SEND: play W B9
<<< RECV: ['=']
>>> SEND: genmove B
<<< RECV: ['= B8']
>>> SEND: play W D9
<<< RECV: ['=']
>>> SEND: genmove B
<<< RECV: ['= C9']
>>> SEND: play W A8
<<< RECV: ['=']
>>> SEND: genmove B
<<< RECV: ['= A7']
>>> SEND: play W J2
<<< RECV: ['=']
>>> SEND: genmove B
<<< RECV: ['= A2']
>>> SEND: play W H1
<<< RECV: ['=']
>>> SEND: genmove B
<<< RECV: ['= E6']
>>> SEND: play W A3
<<< RECV: ['=']
>>> SEND: genmove B
<<< RECV: ['= D4']
>>> SEND: play W A2
<<< RECV: ['=']
>>> SEND: genmove B
<<< RECV: ['= E3']
>>> SEND: play W F4
<<< RECV: ['=']
>>> SEND: genmove B
<<< RECV: ['= F3']
>>> SEND: play W pass
<<< RECV: ['=']
>>> SEND: genmove B
<<< RECV: ['= B1']
>>> SEND: play W A3
<<< RECV: ['=']
>>> SEND: genmove B
<<< RECV: ['= F1']
>>> SEND: play W H2
<<< RECV: ['=']
>>> SEND: genmove B
<<< RECV: ['= H1']
>>> SEND: play W J2
<<< RECV: ['=']
>>> SEND: genmove B
<<< RECV: ['= E9']
>>> SEND: play W A2
<<< RECV: ['=']
>>> SEND: genmove B
<<< RECV: ['= A1']
>>> SEND: play W J1
<<< RECV: ['=']
>>> SEND: genmove B
<<< RECV: ['= B2']
>>> SEND: play W A3
<<< RECV: ['=']
>>> SEND: genmove B
<<< RECV: ['= J3']
>>> SEND: play W H2
<<< RECV: ['=']
>>> SEND: genmove B
<<< RECV: ['= G1']
>>> SEND: play W J2
<<< RECV: ['=']
>>> SEND: genmove B
<<< RECV: ['= A2']
>>> SEND: play W pass
<<< RECV: ['=']
>>> SEND: genmove B
<<< RECV: ['= J1']
>>> SEND: play W H2
<<< RECV: ['=']
>>> SEND: genmove B
<<< RECV: ['= J2']
>>> SEND: play W pass
<<< RECV: ['=']
>>> SEND: genmove B
<<< RECV: ['= pass']
>>> SEND: quit
<<< RECV: ['=']
Round 2: SFT=White | Score B=81 W=7 | Winner: Opponent
>>> SEND: boardsize 9
<<< RECV: ['=']
>>> SEND: clear_board
<<< RECV: ['=']
>>> SEND: play B C7
<<< RECV: ['=']
>>> SEND: genmove W
<<< RECV: ['= D6']
>>> SEND: play B C8
<<< RECV: ['=']
>>> SEND: genmove W
<<< RECV: ['= F4']
>>> SEND: play B C6
<<< RECV: ['=']
>>> SEND: genmove W
<<< RECV: ['= D4']
>>> SEND: play B F5
<<< RECV: ['=']
>>> SEND: genmove W
<<< RECV: ['= G4']
>>> SEND: play B G5
<<< RECV: ['=']
>>> SEND: genmove W
<<< RECV: ['= E7']
>>> SEND: play B F3
<<< RECV: ['=']
>>> SEND: genmove W
<<< RECV: ['= E4']
>>> SEND: play B E3
<<< RECV: ['=']
>>> SEND: genmove W
<<< RECV: ['= C5']
>>> SEND: play B B5
<<< RECV: ['=']
>>> SEND: genmove W
<<< RECV: ['= B4']
>>> SEND: play B B6
<<< RECV: ['=']
>>> SEND: genmove W
<<< RECV: ['= H3']
>>> SEND: play B H2
<<< RECV: ['=']
>>> SEND: genmove W
<<< RECV: ['= E8']
>>> SEND: play B F7
<<< RECV: ['=']
>>> SEND: genmove W
<<< RECV: ['= H5']
>>> SEND: play B H6
<<< RECV: ['=']
>>> SEND: genmove W
<<< RECV: ['= F8']
>>> SEND: play B J5
<<< RECV: ['=']
>>> SEND: genmove W
<<< RECV: ['= H4']
>>> SEND: play B B3
<<< RECV: ['=']
>>> SEND: genmove W
<<< RECV: ['= C3']
>>> SEND: play B A4
<<< RECV: ['=']
>>> SEND: genmove W
<<< RECV: ['= C4']
>>> SEND: play B B2
<<< RECV: ['=']
>>> SEND: genmove W
<<< RECV: ['= C2']
>>> SEND: play B G7
<<< RECV: ['=']
>>> SEND: genmove W
<<< RECV: ['= F6']
>>> SEND: play B D2
<<< RECV: ['=']
>>> SEND: genmove W
<<< RECV: ['= A5']
>>> SEND: play B A6
<<< RECV: ['=']
>>> SEND: genmove W
<<< RECV: ['= B1']
>>> SEND: play B A2
<<< RECV: ['=']
>>> SEND: genmove W
<<< RECV: ['= A8']
>>> SEND: play B E5
<<< RECV: ['=']
>>> SEND: genmove W
<<< RECV: ['= D5']
>>> SEND: play B G2
<<< RECV: ['=']
>>> SEND: genmove W
<<< RECV: ['= J2']
>>> SEND: play B F9
<<< RECV: ['=']
>>> SEND: genmove W
<<< RECV: ['= C1']
>>> SEND: play B J1
<<< RECV: ['=']
>>> SEND: genmove W
<<< RECV: ['= H1']
>>> SEND: play B G1
<<< RECV: ['=']
>>> SEND: genmove W
<<< RECV: ['= E9']
>>> SEND: play B J1
<<< RECV: ['=']
>>> SEND: genmove W
<<< RECV: ['= J3']
>>> SEND: play B D9
<<< RECV: ['=']
>>> SEND: genmove W
<<< RECV: ['= D8']
>>> SEND: play B G8
<<< RECV: ['=']
>>> SEND: genmove W
<<< RECV: ['= E6']
>>> SEND: play B G6
<<< RECV: ['=']
>>> SEND: genmove W
<<< RECV: ['= C9']
>>> SEND: play B B9
<<< RECV: ['=']
>>> SEND: genmove W
<<< RECV: ['= A1']
>>> SEND: play B D9
<<< RECV: ['=']
>>> SEND: genmove W
<<< RECV: ['= A3']
>>> SEND: play B B3
<<< RECV: ['=']
>>> SEND: genmove W
<<< RECV: ['= A9']
>>> SEND: play B A2
<<< RECV: ['=']
>>> SEND: genmove W
<<< RECV: ['= F2']
>>> SEND: play B B8
<<< RECV: ['=']
>>> SEND: genmove W
<<< RECV: ['= A7']
>>> SEND: play B D1
<<< RECV: ['=']
>>> SEND: genmove W
<<< RECV: ['= E2']
>>> SEND: play B B7
<<< RECV: ['=']
>>> SEND: genmove W
<<< RECV: ['= A8']
>>> SEND: play B E1
<<< RECV: ['=']
>>> SEND: genmove W
<<< RECV: ['= H8']
>>> SEND: play B J8
<<< RECV: ['=']
>>> SEND: genmove W
<<< RECV: ['= H9']
>>> SEND: play B H7
<<< RECV: ['=']
>>> SEND: genmove W
<<< RECV: ['= J6']
>>> SEND: play B F1
<<< RECV: ['=']
>>> SEND: genmove W
<<< RECV: ['= E2']
>>> SEND: play B J9
<<< RECV: ['=']
>>> SEND: genmove W
<<< RECV: ['= C9']
>>> SEND: play B G9
<<< RECV: ['=']
>>> SEND: genmove W
<<< RECV: ['= H8']
>>> SEND: play B D9
<<< RECV: ['=']
>>> SEND: genmove W
<<< RECV: ['= J4']
>>> SEND: play B A9
<<< RECV: ['=']
>>> SEND: genmove W
<<< RECV: ['= F2']
>>> SEND: play B H9
<<< RECV: ['=']
>>> SEND: genmove W
<<< RECV: ['= E2']
>>> SEND: play B A5
<<< RECV: ['=']
>>> SEND: genmove W
<<< RECV: ['= G3']
>>> SEND: play B A7
<<< RECV: ['=']
>>> SEND: genmove W
<<< RECV: ['= D7']
>>> SEND: play B F2
<<< RECV: ['=']
>>> SEND: genmove W
<<< RECV: ['= C9']
>>> SEND: play B A3
<<< RECV: ['=']
>>> SEND: genmove W
<<< RECV: ['= H1']
>>> SEND: play B D9
<<< RECV: ['=']
>>> SEND: genmove W
<<< RECV: ['= D3']
>>> SEND: play B J1
<<< RECV: ['=']
>>> SEND: genmove W
<<< RECV: ['= C9']
>>> SEND: play B E2
<<< RECV: ['=']
>>> SEND: genmove W
<<< RECV: ['= H1']
>>> SEND: play B G2
<<< RECV: ['=']
>>> SEND: genmove W
<<< RECV: ['= G1']
>>> SEND: play B F2
<<< RECV: ['=']
>>> SEND: genmove W
<<< RECV: ['= D9']
>>> SEND: play B F3
<<< RECV: ['=']
>>> SEND: genmove W
<<< RECV: ['= H2']
>>> SEND: play B J7
<<< RECV: ['=']
>>> SEND: genmove W
<<< RECV: ['= E2']
>>> SEND: play B J5
<<< RECV: ['=']
>>> SEND: genmove W
<<< RECV: ['= D1']
>>> SEND: play B E3
<<< RECV: ['=']
>>> SEND: genmove W
<<< RECV: ['= J6']
>>> SEND: play B E1
<<< RECV: ['=']
>>> SEND: genmove W
<<< RECV: ['= H8']
>>> SEND: play B H7
<<< RECV: ['=']
>>> SEND: genmove W
<<< RECV: ['= G7']
>>> SEND: play B H9
<<< RECV: ['=']
>>> SEND: genmove W
<<< RECV: ['= G9']
>>> SEND: play B G6
<<< RECV: ['=']
>>> SEND: genmove W
<<< RECV: ['= H6']
>>> SEND: play B J8
<<< RECV: ['=']
>>> SEND: genmove W
<<< RECV: ['= G8']
>>> SEND: play B F5
<<< RECV: ['=']
>>> SEND: genmove W
<<< RECV: ['= E5']
>>> SEND: play B D2
<<< RECV: ['=']
>>> SEND: genmove W
<<< RECV: ['= J9']
>>> SEND: play B A8
<<< RECV: ['=']
>>> SEND: genmove W
<<< RECV: ['= B2']
>>> SEND: play B H9
<<< RECV: ['=']
>>> SEND: genmove W
<<< RECV: ['= E2']
>>> SEND: play B C7
<<< RECV: ['=']
>>> SEND: genmove W
<<< RECV: ['= C8']
>>> SEND: play B D2
<<< RECV: ['=']
>>> SEND: genmove W
<<< RECV: ['= C6']
>>> SEND: play B B8
<<< RECV: ['=']
>>> SEND: genmove W
<<< RECV: ['= E2']
>>> SEND: play B B6
<<< RECV: ['=']
>>> SEND: genmove W
<<< RECV: ['= B7']
>>> SEND: play B A7
<<< RECV: ['=']
>>> SEND: genmove W
<<< RECV: ['= A6']
>>> SEND: play B A5
<<< RECV: ['=']
>>> SEND: genmove W
<<< RECV: ['= B5']
>>> SEND: play B D2
<<< RECV: ['=']
>>> SEND: genmove W
<<< RECV: ['= A4']
>>> SEND: play B C7
<<< RECV: ['=']
>>> SEND: genmove W
<<< RECV: ['= F1']
>>> SEND: play B A3
<<< RECV: ['=']
>>> SEND: genmove W
<<< RECV: ['= A6']
>>> SEND: play B B7
<<< RECV: ['=']
>>> SEND: genmove W
<<< RECV: ['= J9']
>>> SEND: play B A5
<<< RECV: ['=']
>>> SEND: genmove W
<<< RECV: ['= A8']
>>> SEND: play B H9
<<< RECV: ['=']
>>> SEND: genmove W
<<< RECV: ['= G5']
>>> SEND: play B A9
<<< RECV: ['=']
>>> SEND: genmove W
<<< RECV: ['= J7']
>>> SEND: play B B9
<<< RECV: ['=']
>>> SEND: genmove W
<<< RECV: ['= B3']
>>> SEND: quit
<<< RECV: ['=']
Round 3: SFT=Black | Score B=21 W=66 | Winner: Opponent
>>> SEND: boardsize 9
<<< RECV: ['=']
>>> SEND: clear_board
<<< RECV: ['=']
>>> SEND: genmove B
<<< RECV: ['= E5']
>>> SEND: play W E6
<<< RECV: ['=']
>>> SEND: genmove B
<<< RECV: ['= F6']
>>> SEND: play W F7
<<< RECV: ['=']
>>> SEND: genmove B
<<< RECV: ['= F5']
>>> SEND: play W E7
<<< RECV: ['=']
>>> SEND: genmove B
<<< RECV: ['= D6']
>>> SEND: play W G6
<<< RECV: ['=']
>>> SEND: genmove B
<<< RECV: ['= G7']
>>> SEND: play W H7
<<< RECV: ['=']
>>> SEND: genmove B
<<< RECV: ['= G8']
>>> SEND: play W E4
<<< RECV: ['=']
>>> SEND: genmove B
<<< RECV: ['= F4']
>>> SEND: play W C6
<<< RECV: ['=']
>>> SEND: genmove B
<<< RECV: ['= D7']
>>> SEND: play W E8
<<< RECV: ['=']
>>> SEND: genmove B
<<< RECV: ['= D8']
>>> SEND: play W E9
<<< RECV: ['=']
>>> SEND: genmove B
<<< RECV: ['= C5']
>>> SEND: play W C4
<<< RECV: ['=']
>>> SEND: genmove B
<<< RECV: ['= B5']
>>> SEND: play W E3
<<< RECV: ['=']
>>> SEND: genmove B
<<< RECV: ['= F3']
>>> SEND: play W F2
<<< RECV: ['=']
>>> SEND: genmove B
<<< RECV: ['= G2']
>>> SEND: play W E2
<<< RECV: ['=']
>>> SEND: genmove B
<<< RECV: ['= B3']
>>> SEND: play W H2
<<< RECV: ['=']
>>> SEND: genmove B
<<< RECV: ['= G3']
>>> SEND: play W B2
<<< RECV: ['=']
>>> SEND: genmove B
<<< RECV: ['= C2']
>>> SEND: play W C8
<<< RECV: ['=']
>>> SEND: genmove B
<<< RECV: ['= C3']
>>> SEND: play W G1
<<< RECV: ['=']
>>> SEND: genmove B
<<< RECV: ['= H6']
>>> SEND: play W J6
<<< RECV: ['=']
>>> SEND: genmove B
<<< RECV: ['= H5']
>>> SEND: play W H8
<<< RECV: ['=']
>>> SEND: genmove B
<<< RECV: ['= G5']
>>> SEND: play W G9
<<< RECV: ['=']
>>> SEND: genmove B
<<< RECV: ['= D9']
>>> SEND: play W H9
<<< RECV: ['=']
>>> SEND: genmove B
<<< RECV: ['= F9']
>>> SEND: play W F8
<<< RECV: ['=']
>>> SEND: genmove B
<<< RECV: ['= F9']
>>> SEND: play W G6
<<< RECV: ['? illegal move']
>>> SEND: genmove B
<<< RECV: ['= B1']
>>> SEND: play W C9
<<< RECV: ['=']
>>> SEND: genmove B
<<< RECV: ['= J5']
>>> SEND: play W C7
<<< RECV: ['=']
>>> SEND: genmove B
<<< RECV: ['= B6']
>>> SEND: play W D5
<<< RECV: ['=']
>>> SEND: genmove B
<<< RECV: ['= F1']
>>> SEND: play W E1
<<< RECV: ['=']
>>> SEND: genmove B
<<< RECV: ['= D4']
>>> SEND: play W D3
<<< RECV: ['=']
>>> SEND: genmove B
<<< RECV: ['= H1']
>>> SEND: play W H4
<<< RECV: ['=']
>>> SEND: genmove B
<<< RECV: ['= D1']
>>> SEND: play W D2
<<< RECV: ['=']
>>> SEND: genmove B
<<< RECV: ['= F1']
>>> SEND: play W C1
<<< RECV: ['? illegal move']
>>> SEND: genmove B
<<< RECV: ['= D2']
>>> SEND: play W A1
<<< RECV: ['=']
>>> SEND: genmove B
<<< RECV: ['= A2']
>>> SEND: play W A3
<<< RECV: ['=']
>>> SEND: genmove B
<<< RECV: ['= A4']
>>> SEND: play W B4
<<< RECV: ['=']
>>> SEND: genmove B
<<< RECV: ['= H3']
>>> SEND: play W A5
<<< RECV: ['=']
>>> SEND: genmove B
<<< RECV: ['= J7']
>>> SEND: play W B7
<<< RECV: ['=']
>>> SEND: genmove B
<<< RECV: ['= A7']
>>> SEND: play W J2
<<< RECV: ['=']
>>> SEND: genmove B
<<< RECV: ['= B8']
>>> SEND: play W G1
<<< RECV: ['? illegal move']
>>> SEND: genmove B
<<< RECV: ['= G1']
>>> SEND: play W A6
<<< RECV: ['=']
>>> SEND: genmove B
<<< RECV: ['= J8']
>>> SEND: play W A8
<<< RECV: ['=']
>>> SEND: genmove B
<<< RECV: ['= B9']
>>> SEND: play W A9
<<< RECV: ['=']
>>> SEND: genmove B
<<< RECV: ['= A8']
>>> SEND: play W J9
<<< RECV: ['=']
>>> SEND: genmove B
<<< RECV: ['= H9']
>>> SEND: play W J6
<<< RECV: ['? illegal move']
>>> SEND: genmove B
<<< RECV: ['= B4']
>>> SEND: play W J1
<<< RECV: ['=']
>>> SEND: genmove B
<<< RECV: ['= J3']
>>> SEND: play W H1
<<< RECV: ['? illegal move']
>>> SEND: genmove B
<<< RECV: ['= G4']
>>> SEND: play W J4
<<< RECV: ['=']
>>> SEND: genmove B
<<< RECV: ['= E9']
>>> SEND: play W G5
<<< RECV: ['? illegal move']
>>> SEND: genmove B
<<< RECV: ['= C9']
>>> SEND: play W F4
<<< RECV: ['? illegal move']
>>> SEND: genmove B
<<< RECV: ['= pass']
>>> SEND: play W D9
<<< RECV: ['? illegal move']
>>> SEND: genmove B
<<< RECV: ['= pass']
>>> SEND: play W H3
<<< RECV: ['? illegal move']
>>> SEND: genmove B
<<< RECV: ['= pass']
>>> SEND: play W B9
<<< RECV: ['? illegal move']
>>> SEND: genmove B
<<< RECV: ['= pass']
>>> SEND: play W F9
<<< RECV: ['? illegal move']
>>> SEND: genmove B
<<< RECV: ['= pass']
>>> SEND: play W B8
<<< RECV: ['? illegal move']
>>> SEND: genmove B
<<< RECV: ['= pass']
>>> SEND: play W D8
<<< RECV: ['? illegal move']
>>> SEND: genmove B
<<< RECV: ['= pass']
>>> SEND: play W G8
<<< RECV: ['? illegal move']
>>> SEND: genmove B
<<< RECV: ['= pass']
>>> SEND: play W J8
<<< RECV: ['? illegal move']
>>> SEND: genmove B
<<< RECV: ['= pass']
>>> SEND: play W A7
<<< RECV: ['? illegal move']
>>> SEND: genmove B
<<< RECV: ['= pass']
>>> SEND: play W D7
<<< RECV: ['? illegal move']
>>> SEND: genmove B
<<< RECV: ['= pass']
>>> SEND: play W G7
<<< RECV: ['? illegal move']
>>> SEND: genmove B
<<< RECV: ['= pass']
>>> SEND: play W J7
<<< RECV: ['? illegal move']
>>> SEND: genmove B
<<< RECV: ['= pass']
>>> SEND: play W B6
<<< RECV: ['? illegal move']
>>> SEND: genmove B
<<< RECV: ['= pass']
>>> SEND: play W D6
<<< RECV: ['? illegal move']
>>> SEND: genmove B
<<< RECV: ['= pass']
>>> SEND: play W F6
<<< RECV: ['? illegal move']
>>> SEND: genmove B
<<< RECV: ['= pass']
>>> SEND: play W H6
<<< RECV: ['? illegal move']
>>> SEND: genmove B
<<< RECV: ['= pass']
>>> SEND: play W B5
<<< RECV: ['? illegal move']
>>> SEND: genmove B
<<< RECV: ['= pass']
>>> SEND: play W C5
<<< RECV: ['? illegal move']
>>> SEND: genmove B
<<< RECV: ['= pass']
>>> SEND: play W E5
<<< RECV: ['? illegal move']
>>> SEND: genmove B
<<< RECV: ['= pass']
>>> SEND: play W F5
<<< RECV: ['? illegal move']
>>> SEND: genmove B
<<< RECV: ['= pass']
>>> SEND: play W H5
<<< RECV: ['? illegal move']
>>> SEND: genmove B
<<< RECV: ['= pass']
>>> SEND: play W J5
<<< RECV: ['? illegal move']
>>> SEND: genmove B
<<< RECV: ['= pass']
>>> SEND: play W A4
<<< RECV: ['? illegal move']
>>> SEND: genmove B
<<< RECV: ['= pass']
>>> SEND: play W D4
<<< RECV: ['? illegal move']
>>> SEND: genmove B
<<< RECV: ['= pass']
>>> SEND: play W B3
<<< RECV: ['? illegal move']
>>> SEND: genmove B
<<< RECV: ['= pass']
>>> SEND: play W C3
<<< RECV: ['? illegal move']
>>> SEND: genmove B
<<< RECV: ['= pass']
>>> SEND: play W G3
<<< RECV: ['? illegal move']
>>> SEND: genmove B
<<< RECV: ['= pass']
>>> SEND: play W G4
<<< RECV: ['? illegal move']
>>> SEND: genmove B
<<< RECV: ['= pass']
>>> SEND: play W F3
<<< RECV: ['? illegal move']
>>> SEND: genmove B
<<< RECV: ['= pass']
>>> SEND: play W J3
<<< RECV: ['? illegal move']
>>> SEND: genmove B
<<< RECV: ['= pass']
>>> SEND: play W A2
<<< RECV: ['? illegal move']
>>> SEND: genmove B
<<< RECV: ['= pass']
>>> SEND: play W C2
<<< RECV: ['? illegal move']
>>> SEND: genmove B
<<< RECV: ['= pass']
>>> SEND: play W G2
<<< RECV: ['? illegal move']
>>> SEND: quit
<<< RECV: ['=']
Round 4: SFT=White | Score B=0 W=88 | Winner: SFT
>>> SEND: boardsize 9
<<< RECV: ['=']
>>> SEND: clear_board
<<< RECV: ['=']
>>> SEND: play B C7
<<< RECV: ['=']
>>> SEND: genmove W
<<< RECV: ['= F4']
>>> SEND: play B C8
<<< RECV: ['=']
>>> SEND: genmove W
<<< RECV: ['= D4']
>>> SEND: play B E4
<<< RECV: ['=']
>>> SEND: genmove W
<<< RECV: ['= E5']
>>> SEND: play B E3
<<< RECV: ['=']
>>> SEND: genmove W
<<< RECV: ['= F3']
>>> SEND: play B E2
<<< RECV: ['=']
>>> SEND: genmove W
<<< RECV: ['= F6']
>>> SEND: play B F7
<<< RECV: ['=']
>>> SEND: genmove W
<<< RECV: ['= C3']
>>> SEND: play B G6
<<< RECV: ['=']
>>> SEND: genmove W
<<< RECV: ['= G5']
>>> SEND: play B E6
<<< RECV: ['=']
>>> SEND: genmove W
<<< RECV: ['= F5']
>>> SEND: play B D6
<<< RECV: ['=']
>>> SEND: genmove W
<<< RECV: ['= G7']
>>> SEND: play B G8
<<< RECV: ['=']
>>> SEND: genmove W
<<< RECV: ['= H6']
>>> SEND: play B H7
<<< RECV: ['=']
>>> SEND: genmove W
<<< RECV: ['= D5']
>>> SEND: play B C5
<<< RECV: ['=']
>>> SEND: genmove W
<<< RECV: ['= B5']
>>> SEND: play B B6
<<< RECV: ['=']
>>> SEND: genmove W
<<< RECV: ['= G6']
>>> SEND: play B A5
<<< RECV: ['=']
>>> SEND: genmove W
<<< RECV: ['= F8']
>>> SEND: play B B4
<<< RECV: ['=']
>>> SEND: genmove W
<<< RECV: ['= B3']
>>> SEND: play B F9
<<< RECV: ['=']
>>> SEND: genmove W
<<< RECV: ['= E7']
>>> SEND: play B E8
<<< RECV: ['=']
>>> SEND: genmove W
<<< RECV: ['= F7']
>>> SEND: play B A3
<<< RECV: ['=']
>>> SEND: genmove W
<<< RECV: ['= C2']
>>> SEND: play B G3
<<< RECV: ['=']
>>> SEND: genmove W
<<< RECV: ['= F2']
>>> SEND: play B J6
<<< RECV: ['=']
>>> SEND: genmove W
<<< RECV: ['= D8']
>>> SEND: play B E9
<<< RECV: ['=']
>>> SEND: genmove W
<<< RECV: ['= D9']
>>> SEND: play B H8
<<< RECV: ['=']
>>> SEND: genmove W
<<< RECV: ['= C9']
>>> SEND: play B G9
<<< RECV: ['=']
>>> SEND: genmove W
<<< RECV: ['= D7']
>>> SEND: play B J8
<<< RECV: ['=']
>>> SEND: genmove W
<<< RECV: ['= B8']
>>> SEND: play B B7
<<< RECV: ['=']
>>> SEND: genmove W
<<< RECV: ['= A7']
>>> SEND: play B A6
<<< RECV: ['=']
>>> SEND: genmove W
<<< RECV: ['= G2']
>>> SEND: play B B9
<<< RECV: ['=']
>>> SEND: genmove W
<<< RECV: ['= A9']
>>> SEND: play B A8
<<< RECV: ['=']
>>> SEND: genmove W
<<< RECV: ['= B9']
>>> SEND: play B H2
<<< RECV: ['=']
>>> SEND: genmove W
<<< RECV: ['= J5']
>>> SEND: play B J4
<<< RECV: ['=']
>>> SEND: genmove W
<<< RECV: ['= H5']
>>> SEND: play B H4
<<< RECV: ['=']
>>> SEND: genmove W
<<< RECV: ['= J7']
>>> SEND: play B F1
<<< RECV: ['=']
>>> SEND: genmove W
<<< RECV: ['= C4']
>>> SEND: play B J6
<<< RECV: ['=']
>>> SEND: genmove W
<<< RECV: ['= A7']
>>> SEND: play B B2
<<< RECV: ['=']
>>> SEND: genmove W
<<< RECV: ['= B1']
>>> SEND: play B A2
<<< RECV: ['=']
>>> SEND: genmove W
<<< RECV: ['= J7']
>>> SEND: play B A8
<<< RECV: ['=']
>>> SEND: genmove W
<<< RECV: ['= C1']
>>> SEND: play B J6
<<< RECV: ['=']
>>> SEND: genmove W
<<< RECV: ['= A7']
>>> SEND: play B H1
<<< RECV: ['=']
>>> SEND: genmove W
<<< RECV: ['= J2']
>>> SEND: play B A8
<<< RECV: ['=']
>>> SEND: genmove W
<<< RECV: ['= J3']
>>> SEND: play B D1
<<< RECV: ['=']
>>> SEND: genmove W
<<< RECV: ['= J7']
>>> SEND: play B J1
<<< RECV: ['=']
>>> SEND: genmove W
<<< RECV: ['= A1']
>>> SEND: play B J6
<<< RECV: ['=']
>>> SEND: genmove W
<<< RECV: ['= A7']
>>> SEND: play B H3
<<< RECV: ['=']
>>> SEND: genmove W
<<< RECV: ['= J2']
>>> SEND: play B A8
<<< RECV: ['=']
>>> SEND: genmove W
<<< RECV: ['= J3']
>>> SEND: play B J3
<<< RECV: ['=']
>>> SEND: genmove W
<<< RECV: ['= A7']
>>> SEND: play B G1
<<< RECV: ['=']
>>> SEND: genmove W
<<< RECV: ['= H9']
>>> SEND: play B A8
<<< RECV: ['=']
>>> SEND: genmove W
<<< RECV: ['= C6']
>>> SEND: play B D6
<<< RECV: ['=']
>>> SEND: genmove W
<<< RECV: ['= J9']
>>> SEND: play B G4
<<< RECV: ['=']
>>> SEND: genmove W
<<< RECV: ['= A7']
>>> SEND: play B A4
<<< RECV: ['=']
>>> SEND: genmove W
<<< RECV: ['= J7']
>>> SEND: play B A8
<<< RECV: ['=']
>>> SEND: genmove W
<<< RECV: ['= H9']
>>> SEND: play B J6
<<< RECV: ['=']
>>> SEND: genmove W
<<< RECV: ['= A7']
>>> SEND: play B A7
<<< RECV: ['? illegal move']
>>> SEND: genmove W
<<< RECV: ['= J7']
>>> SEND: play B D3
<<< RECV: ['=']
>>> SEND: genmove W
<<< RECV: ['= J9']
>>> SEND: play B G9
<<< RECV: ['=']
>>> SEND: genmove W
<<< RECV: ['= A8']
>>> SEND: play B H8
<<< RECV: ['=']
>>> SEND: genmove W
<<< RECV: ['= J8']
>>> SEND: play B H7
<<< RECV: ['=']
>>> SEND: genmove W
<<< RECV: ['= E8']
>>> SEND: play B J6
<<< RECV: ['=']
>>> SEND: genmove W
<<< RECV: ['= J9']
>>> SEND: play B E9
<<< RECV: ['=']
>>> SEND: genmove W
<<< RECV: ['= H9']
>>> SEND: play B F9
<<< RECV: ['=']
>>> SEND: genmove W
<<< RECV: ['= G8']
>>> SEND: play B G9
<<< RECV: ['=']
>>> SEND: genmove W
<<< RECV: ['= J7']
>>> SEND: play B J8
<<< RECV: ['=']
>>> SEND: genmove W
<<< RECV: ['= J9']
>>> SEND: play B E9
<<< RECV: ['=']
>>> SEND: genmove W
<<< RECV: ['= H9']
>>> SEND: play B H8
<<< RECV: ['=']
>>> SEND: genmove W
<<< RECV: ['= J8']
>>> SEND: play B E6
<<< RECV: ['=']
>>> SEND: genmove W
<<< RECV: ['= F9']
>>> SEND: play B D2
<<< RECV: ['=']
>>> SEND: genmove W
<<< RECV: ['= C6']
>>> SEND: play B D6
<<< RECV: ['=']
>>> SEND: genmove W
<<< RECV: ['= E1']
>>> SEND: play B E2
<<< RECV: ['=']
>>> SEND: genmove W
<<< RECV: ['= D1']
>>> SEND: play B D3
<<< RECV: ['=']
>>> SEND: genmove W
<<< RECV: ['= J2']
>>> SEND: play B H4
<<< RECV: ['=']
>>> SEND: genmove W
<<< RECV: ['= H3']
>>> SEND: play B G3
<<< RECV: ['=']
>>> SEND: genmove W
<<< RECV: ['= E6']
>>> SEND: play B J3
<<< RECV: ['=']
>>> SEND: genmove W
<<< RECV: ['= G4']
>>> SEND: play B H2
<<< RECV: ['=']
>>> SEND: genmove W
<<< RECV: ['= J4']
>>> SEND: play B J1
<<< RECV: ['=']
>>> SEND: genmove W
<<< RECV: ['= D2']
>>> SEND: play B E4
<<< RECV: ['=']
>>> SEND: genmove W
<<< RECV: ['= H7']
>>> SEND: play B J3
<<< RECV: ['=']
>>> SEND: genmove W
<<< RECV: ['= G1']
>>> SEND: play B C6
<<< RECV: ['=']
>>> SEND: genmove W
<<< RECV: ['= B5']
>>> SEND: play B B6
<<< RECV: ['=']
>>> SEND: genmove W
<<< RECV: ['= E3']
>>> SEND: play B C7
<<< RECV: ['=']
>>> SEND: genmove W
<<< RECV: ['= B7']
>>> SEND: play B A7
<<< RECV: ['? illegal move']
>>> SEND: genmove W
<<< RECV: ['= A6']
>>> SEND: play B A5
<<< RECV: ['=']
>>> SEND: genmove W
<<< RECV: ['= J2']
>>> SEND: quit
<<< RECV: ['=']
Round 5: SFT=Black | Score B=7 W=70 | Winner: Opponent
>>> SEND: boardsize 9
<<< RECV: ['=']
>>> SEND: clear_board
<<< RECV: ['=']
>>> SEND: genmove B
<<< RECV: ['= E5']
>>> SEND: play W E6
<<< RECV: ['=']
>>> SEND: genmove B
<<< RECV: ['= F6']
>>> SEND: play W F7
<<< RECV: ['=']
>>> SEND: genmove B
<<< RECV: ['= F5']
>>> SEND: play W E7
<<< RECV: ['=']
>>> SEND: genmove B
<<< RECV: ['= D6']
>>> SEND: play W G6
<<< RECV: ['=']
>>> SEND: genmove B
<<< RECV: ['= G7']
>>> SEND: play W H7
<<< RECV: ['=']
>>> SEND: genmove B
<<< RECV: ['= G8']
>>> SEND: play W E4
<<< RECV: ['=']
>>> SEND: genmove B
<<< RECV: ['= F4']
>>> SEND: play W C6
<<< RECV: ['=']
>>> SEND: genmove B
<<< RECV: ['= D7']
>>> SEND: play W E8
<<< RECV: ['=']
>>> SEND: genmove B
<<< RECV: ['= D8']
>>> SEND: play W E9
<<< RECV: ['=']
>>> SEND: genmove B
<<< RECV: ['= C5']
>>> SEND: play W C4
<<< RECV: ['=']
>>> SEND: genmove B
<<< RECV: ['= B5']
>>> SEND: play W E3
<<< RECV: ['=']
>>> SEND: genmove B
<<< RECV: ['= F3']
>>> SEND: play W F2
<<< RECV: ['=']
>>> SEND: genmove B
<<< RECV: ['= G2']
>>> SEND: play W E2
<<< RECV: ['=']
>>> SEND: genmove B
<<< RECV: ['= B3']
>>> SEND: play W H2
<<< RECV: ['=']
>>> SEND: genmove B
<<< RECV: ['= G3']
>>> SEND: play W B2
<<< RECV: ['=']
>>> SEND: genmove B
<<< RECV: ['= C2']
>>> SEND: play W C8
<<< RECV: ['=']
>>> SEND: genmove B
<<< RECV: ['= C3']
>>> SEND: play W G1
<<< RECV: ['=']
>>> SEND: genmove B
<<< RECV: ['= H6']
>>> SEND: play W J6
<<< RECV: ['=']
>>> SEND: genmove B
<<< RECV: ['= G5']
>>> SEND: play W H5
<<< RECV: ['=']
>>> SEND: genmove B
<<< RECV: ['= G6']
>>> SEND: play W D9
<<< RECV: ['=']
>>> SEND: genmove B
<<< RECV: ['= D5']
>>> SEND: play W H4
<<< RECV: ['=']
>>> SEND: genmove B
<<< RECV: ['= H1']
>>> SEND: play W J1
<<< RECV: ['=']
>>> SEND: genmove B
<<< RECV: ['= F1']
>>> SEND: play W E1
<<< RECV: ['=']
>>> SEND: genmove B
<<< RECV: ['= J5']
>>> SEND: play W J4
<<< RECV: ['=']
>>> SEND: genmove B
<<< RECV: ['= J7']
>>> SEND: play W J8
<<< RECV: ['=']
>>> SEND: genmove B
<<< RECV: ['= H8']
>>> SEND: play W J7
<<< RECV: ['=']
>>> SEND: genmove B
<<< RECV: ['= H3']
>>> SEND: play W H9
<<< RECV: ['=']
>>> SEND: genmove B
<<< RECV: ['= B8']
>>> SEND: play W A8
<<< RECV: ['=']
>>> SEND: genmove B
<<< RECV: ['= B7']
>>> SEND: play W B9
<<< RECV: ['=']
>>> SEND: genmove B
<<< RECV: ['= B6']
>>> SEND: play W A6
<<< RECV: ['=']
>>> SEND: genmove B
<<< RECV: ['= J2']
>>> SEND: play W J3
<<< RECV: ['=']
>>> SEND: genmove B
<<< RECV: ['= A7']
>>> SEND: play W B4
<<< RECV: ['=']
>>> SEND: genmove B
<<< RECV: ['= A2']
>>> SEND: play W C1
<<< RECV: ['=']
>>> SEND: genmove B
<<< RECV: ['= B1']
>>> SEND: play W D2
<<< RECV: ['=']
>>> SEND: genmove B
<<< RECV: ['= D1']
>>> SEND: play W G9
<<< RECV: ['=']
>>> SEND: genmove B
<<< RECV: ['= A9']
>>> SEND: play W C1
<<< RECV: ['=']
>>> SEND: genmove B
<<< RECV: ['= C9']
>>> SEND: play W G4
<<< RECV: ['=']
>>> SEND: genmove B
<<< RECV: ['= D1']
>>> SEND: play W B9
<<< RECV: ['=']
>>> SEND: genmove B
<<< RECV: ['= C7']
>>> SEND: play W A8
<<< RECV: ['=']
>>> SEND: genmove B
<<< RECV: ['= C9']
>>> SEND: play W A4
<<< RECV: ['=']
>>> SEND: genmove B
<<< RECV: ['= A3']
>>> SEND: play W C8
<<< RECV: ['=']
>>> SEND: genmove B
<<< RECV: ['= D4']
>>> SEND: play W C1
<<< RECV: ['=']
>>> SEND: genmove B
<<< RECV: ['= C9']
>>> SEND: play W F9
<<< RECV: ['=']
>>> SEND: genmove B
<<< RECV: ['= D1']
>>> SEND: play W C8
<<< RECV: ['=']
>>> SEND: genmove B
<<< RECV: ['= A9']
>>> SEND: play W C9
<<< RECV: ['=']
>>> SEND: genmove B
<<< RECV: ['= A8']
>>> SEND: play W C1
<<< RECV: ['=']
>>> SEND: genmove B
<<< RECV: ['= A5']
>>> SEND: play W A4
<<< RECV: ['=']
>>> SEND: genmove B
<<< RECV: ['= D1']
>>> SEND: play W C4
<<< RECV: ['=']
>>> SEND: genmove B
<<< RECV: ['= A6']
>>> SEND: play W J5
<<< RECV: ['=']
>>> SEND: genmove B
<<< RECV: ['= A1']
>>> SEND: play W C1
<<< RECV: ['=']
>>> SEND: genmove B
<<< RECV: ['= B4']
>>> SEND: play W D1
<<< RECV: ['=']
>>> SEND: genmove B
<<< RECV: ['= D3']
>>> SEND: play W F8
<<< RECV: ['=']
>>> SEND: genmove B
<<< RECV: ['= J9']
>>> SEND: play W H9
<<< RECV: ['=']
>>> SEND: genmove B
<<< RECV: ['= F1']
>>> SEND: play W D9
<<< RECV: ['=']
>>> SEND: genmove B
<<< RECV: ['= H1']
>>> SEND: play W F8
<<< RECV: ['=']
>>> SEND: genmove B
<<< RECV: ['= J2']
>>> SEND: play W E3
<<< RECV: ['=']
>>> SEND: genmove B
<<< RECV: ['= E2']
>>> SEND: play W G9
<<< RECV: ['=']
>>> SEND: genmove B
<<< RECV: ['= J9']
>>> SEND: play W J8
<<< RECV: ['=']
>>> SEND: genmove B
<<< RECV: ['= J7']
>>> SEND: play W E9
<<< RECV: ['=']
>>> SEND: genmove B
<<< RECV: ['= J9']
>>> SEND: play W E7
<<< RECV: ['=']
>>> SEND: genmove B
<<< RECV: ['= F9']
>>> SEND: play W G9
<<< RECV: ['=']
>>> SEND: genmove B
<<< RECV: ['= C9']
>>> SEND: play W H4
<<< RECV: ['=']
>>> SEND: genmove B
<<< RECV: ['= G4']
>>> SEND: play W J3
<<< RECV: ['=']
>>> SEND: genmove B
<<< RECV: ['= E6']
>>> SEND: play W J6
<<< RECV: ['=']
>>> SEND: genmove B
<<< RECV: ['= J5']
>>> SEND: play W J4
<<< RECV: ['=']
>>> SEND: genmove B
<<< RECV: ['= E4']
>>> SEND: play W D2
<<< RECV: ['=']
>>> SEND: genmove B
<<< RECV: ['= E8']
>>> SEND: play W D1
<<< RECV: ['=']
>>> SEND: genmove B
<<< RECV: ['= C1']
>>> SEND: play W H9
<<< RECV: ['=']
>>> SEND: genmove B
<<< RECV: ['= F9']
>>> SEND: play W H9
<<< RECV: ['=']
>>> SEND: genmove B
<<< RECV: ['= H5']
>>> SEND: play W D9
<<< RECV: ['=']
>>> SEND: genmove B
<<< RECV: ['= E1']
>>> SEND: play W J8
<<< RECV: ['=']
>>> SEND: genmove B
<<< RECV: ['= F7']
>>> SEND: play W H4
<<< RECV: ['=']
>>> SEND: genmove B
<<< RECV: ['= G9']
>>> SEND: play W J4
<<< RECV: ['=']
>>> SEND: genmove B
<<< RECV: ['= E9']
>>> SEND: play W D2
<<< RECV: ['=']
>>> SEND: genmove B
<<< RECV: ['= J9']
>>> SEND: play W pass
<<< RECV: ['=']
>>> SEND: genmove B
<<< RECV: ['= J3']
>>> SEND: play W H4
<<< RECV: ['=']
>>> SEND: genmove B
<<< RECV: ['= J4']
>>> SEND: play W pass
<<< RECV: ['=']
>>> SEND: genmove B
<<< RECV: ['= D1']
>>> SEND: play W pass
<<< RECV: ['=']
>>> SEND: genmove B
<<< RECV: ['= pass']
>>> SEND: quit
<<< RECV: ['=']
Round 6: SFT=White | Score B=81 W=7 | Winner: Opponent
>>> SEND: boardsize 9
<<< RECV: ['=']
>>> SEND: clear_board
<<< RECV: ['=']
>>> SEND: play B C7
<<< RECV: ['=']
>>> SEND: genmove W
<<< RECV: ['= F4']
>>> SEND: play B C8
<<< RECV: ['=']
>>> SEND: genmove W
<<< RECV: ['= D4']
>>> SEND: play B E4
<<< RECV: ['=']
>>> SEND: genmove W
<<< RECV: ['= E5']
>>> SEND: play B E3
<<< RECV: ['=']
>>> SEND: genmove W
<<< RECV: ['= F3']
>>> SEND: play B E2
<<< RECV: ['=']
>>> SEND: genmove W
<<< RECV: ['= F6']
>>> SEND: play B F7
<<< RECV: ['=']
>>> SEND: genmove W
<<< RECV: ['= C3']
>>> SEND: play B G6
<<< RECV: ['=']
>>> SEND: genmove W
<<< RECV: ['= G5']
>>> SEND: play B E6
<<< RECV: ['=']
>>> SEND: genmove W
<<< RECV: ['= F5']
>>> SEND: play B D6
<<< RECV: ['=']
>>> SEND: genmove W
<<< RECV: ['= G7']
>>> SEND: play B G8
<<< RECV: ['=']
>>> SEND: genmove W
<<< RECV: ['= H6']
>>> SEND: play B H7
<<< RECV: ['=']
>>> SEND: genmove W
<<< RECV: ['= D5']
>>> SEND: play B C5
<<< RECV: ['=']
>>> SEND: genmove W
<<< RECV: ['= G6']
>>> SEND: play B B3
<<< RECV: ['=']
>>> SEND: genmove W
<<< RECV: ['= B2']
>>> SEND: play B C2
<<< RECV: ['=']
>>> SEND: genmove W
<<< RECV: ['= B4']
>>> SEND: play B D3
<<< RECV: ['=']
>>> SEND: genmove W
<<< RECV: ['= C4']
>>> SEND: play B G3
<<< RECV: ['=']
>>> SEND: genmove W
<<< RECV: ['= F2']
>>> SEND: play B F1
<<< RECV: ['=']
>>> SEND: genmove W
<<< RECV: ['= F8']
>>> SEND: play B F9
<<< RECV: ['=']
>>> SEND: genmove W
<<< RECV: ['= E7']
>>> SEND: play B E8
<<< RECV: ['=']
>>> SEND: genmove W
<<< RECV: ['= F7']
>>> SEND: play B J6
<<< RECV: ['=']
>>> SEND: genmove W
<<< RECV: ['= D8']
>>> SEND: play B A2
<<< RECV: ['=']
>>> SEND: genmove W
<<< RECV: ['= A3']
>>> SEND: play B B1
<<< RECV: ['=']
>>> SEND: genmove W
<<< RECV: ['= B3']
>>> SEND: play B E9
<<< RECV: ['=']
>>> SEND: genmove W
<<< RECV: ['= D9']
>>> SEND: play B H5
<<< RECV: ['=']
>>> SEND: genmove W
<<< RECV: ['= G9']
>>> SEND: play B F9
<<< RECV: ['=']
>>> SEND: genmove W
<<< RECV: ['= G2']
>>> SEND: play B H9
<<< RECV: ['=']
>>> SEND: genmove W
<<< RECV: ['= J8']
>>> SEND: play B H4
<<< RECV: ['=']
>>> SEND: genmove W
<<< RECV: ['= G1']
>>> SEND: play B E8
<<< RECV: ['=']
>>> SEND: genmove W
<<< RECV: ['= D7']
>>> SEND: play B B5
<<< RECV: ['=']
>>> SEND: genmove W
<<< RECV: ['= C6']
>>> SEND: play B D6
<<< RECV: ['=']
>>> SEND: genmove W
<<< RECV: ['= C1']
>>> SEND: play B D1
<<< RECV: ['=']
>>> SEND: genmove W
<<< RECV: ['= E1']
>>> SEND: play B B6
<<< RECV: ['=']
>>> SEND: genmove W
<<< RECV: ['= A5']
>>> SEND: play B F1
<<< RECV: ['=']
>>> SEND: genmove W
<<< RECV: ['= A1']
>>> SEND: play B H2
<<< RECV: ['=']
>>> SEND: genmove W
<<< RECV: ['= J5']
>>> SEND: play B J4
<<< RECV: ['=']
>>> SEND: genmove W
<<< RECV: ['= H8']
>>> SEND: play B A2
<<< RECV: ['=']
>>> SEND: genmove W
<<< RECV: ['= E1']
>>> SEND: play B H1
<<< RECV: ['=']
>>> SEND: genmove W
<<< RECV: ['= J2']
>>> SEND: play B F1
<<< RECV: ['=']
>>> SEND: genmove W
<<< RECV: ['= A4']
>>> SEND: play B J7
<<< RECV: ['=']
>>> SEND: genmove W
<<< RECV: ['= J5']
>>> SEND: play B E1
<<< RECV: ['=']
>>> SEND: genmove W
<<< RECV: ['= C9']
>>> SEND: play B B9
<<< RECV: ['=']
>>> SEND: genmove W
<<< RECV: ['= B8']
>>> SEND: play B J6
<<< RECV: ['=']
>>> SEND: genmove W
<<< RECV: ['= G4']
>>> SEND: play B A8
<<< RECV: ['=']
>>> SEND: genmove W
<<< RECV: ['= A9']
>>> SEND: play B A7
<<< RECV: ['=']
>>> SEND: genmove W
<<< RECV: ['= B9']
>>> SEND: play B J3
<<< RECV: ['=']
>>> SEND: genmove W
<<< RECV: ['= H7']
>>> SEND: play B J7
<<< RECV: ['=']
>>> SEND: genmove W
<<< RECV: ['= B7']
>>> SEND: play B J1
<<< RECV: ['=']
>>> SEND: genmove W
<<< RECV: ['= A6']
>>> SEND: play B A8
<<< RECV: ['=']
>>> SEND: genmove W
<<< RECV: ['= J9']
>>> SEND: play B C6
<<< RECV: ['=']
>>> SEND: genmove W
<<< RECV: ['= E9']
>>> SEND: play B H3
<<< RECV: ['=']
>>> SEND: genmove W
<<< RECV: ['= J5']
>>> SEND: play B J6
<<< RECV: ['=']
>>> SEND: genmove W
<<< RECV: ['= A7']
>>> SEND: play B A1
<<< RECV: ['=']
>>> SEND: genmove W
<<< RECV: ['= C1']
>>> SEND: play B B1
<<< RECV: ['=']
>>> SEND: genmove W
<<< RECV: ['= A1']
>>> SEND: play B J5
<<< RECV: ['=']
>>> SEND: genmove W
<<< RECV: ['= A2']
>>> SEND: play B J7
<<< RECV: ['=']
>>> SEND: genmove W
<<< RECV: ['= J2']
>>> SEND: play B H4
<<< RECV: ['=']
>>> SEND: genmove W
<<< RECV: ['= C1']
>>> SEND: play B J3
<<< RECV: ['=']
>>> SEND: genmove W
<<< RECV: ['= H3']
>>> SEND: play B B1
<<< RECV: ['=']
>>> SEND: genmove W
<<< RECV: ['= H1']
>>> SEND: play B J6
<<< RECV: ['=']
>>> SEND: genmove W
<<< RECV: ['= G9']
>>> SEND: play B J7
<<< RECV: ['=']
>>> SEND: genmove W
<<< RECV: ['= C1']
>>> SEND: play B H5
<<< RECV: ['=']
>>> SEND: genmove W
<<< RECV: ['= B1']
>>> SEND: play B J5
<<< RECV: ['=']
>>> SEND: genmove W
<<< RECV: ['= E6']
>>> SEND: play B C7
<<< RECV: ['=']
>>> SEND: genmove W
<<< RECV: ['= C6']
>>> SEND: play B B5
<<< RECV: ['=']
>>> SEND: genmove W
<<< RECV: ['= D6']
>>> SEND: play B B6
<<< RECV: ['=']
>>> SEND: genmove W
<<< RECV: ['= J4']
>>> SEND: play B J5
<<< RECV: ['=']
>>> SEND: genmove W
<<< RECV: ['= J6']
>>> SEND: play B H5
<<< RECV: ['=']
>>> SEND: genmove W
<<< RECV: ['= C5']
>>> SEND: play B B6
<<< RECV: ['=']
>>> SEND: genmove W
<<< RECV: ['= H4']
>>> SEND: play B H5
<<< RECV: ['=']
>>> SEND: genmove W
<<< RECV: ['= D2']
>>> SEND: play B E3
<<< RECV: ['=']
>>> SEND: genmove W
<<< RECV: ['= E2']
>>> SEND: play B E4
<<< RECV: ['=']
>>> SEND: genmove W
<<< RECV: ['= C8']
>>> SEND: play B E1
<<< RECV: ['=']
>>> SEND: genmove W
<<< RECV: ['= B5']
>>> SEND: play B D1
<<< RECV: ['=']
>>> SEND: genmove W
<<< RECV: ['= J5']
>>> SEND: play B pass
<<< RECV: ['=']
>>> SEND: genmove W
<<< RECV: ['= D3']
>>> SEND: play B E4
<<< RECV: ['=']
>>> SEND: genmove W
<<< RECV: ['= E3']
>>> SEND: play B pass
<<< RECV: ['=']
>>> SEND: genmove W
<<< RECV: ['= F1']
>>> SEND: play B D1
<<< RECV: ['=']
>>> SEND: genmove W
<<< RECV: ['= E1']
>>> SEND: play B pass
<<< RECV: ['=']
>>> SEND: genmove W
<<< RECV: ['= pass']
>>> SEND: quit
<<< RECV: ['=']
Round 7: SFT=Black | Score B=0 W=88 | Winner: Opponent
>>> SEND: boardsize 9
<<< RECV: ['=']
>>> SEND: clear_board
<<< RECV: ['=']
>>> SEND: genmove B
<<< RECV: ['= E5']
>>> SEND: play W E6
<<< RECV: ['=']
>>> SEND: genmove B
<<< RECV: ['= F6']
>>> SEND: play W F7
<<< RECV: ['=']
>>> SEND: genmove B
<<< RECV: ['= D6']
>>> SEND: play W G6
<<< RECV: ['=']
>>> SEND: genmove B
<<< RECV: ['= E7']
>>> SEND: play W F8
<<< RECV: ['=']
>>> SEND: genmove B
<<< RECV: ['= G5']
>>> SEND: play W H6
<<< RECV: ['=']
>>> SEND: genmove B
<<< RECV: ['= H5']
>>> SEND: play W F5
<<< RECV: ['=']
>>> SEND: genmove B
<<< RECV: ['= F4']
>>> SEND: play W C6
<<< RECV: ['=']
>>> SEND: genmove B
<<< RECV: ['= C7']
>>> SEND: play W C8
<<< RECV: ['=']
>>> SEND: genmove B
<<< RECV: ['= B7']
>>> SEND: play W G4
<<< RECV: ['=']
>>> SEND: genmove B
<<< RECV: ['= H8']
>>> SEND: play W H4
<<< RECV: ['=']
>>> SEND: genmove B
<<< RECV: ['= J4']
>>> SEND: play W J3
<<< RECV: ['=']
>>> SEND: genmove B
<<< RECV: ['= J5']
>>> SEND: play W J6
<<< RECV: ['=']
>>> SEND: genmove B
<<< RECV: ['= F5']
>>> SEND: play W F3
<<< RECV: ['=']
>>> SEND: genmove B
<<< RECV: ['= E3']
>>> SEND: play W G3
<<< RECV: ['=']
>>> SEND: genmove B
<<< RECV: ['= G2']
>>> SEND: play W F2
<<< RECV: ['=']
>>> SEND: genmove B
<<< RECV: ['= H2']
>>> SEND: play W D3
<<< RECV: ['=']
>>> SEND: genmove B
<<< RECV: ['= E2']
>>> SEND: play W G1
<<< RECV: ['=']
>>> SEND: genmove B
<<< RECV: ['= H3']
>>> SEND: play W D5
<<< RECV: ['=']
>>> SEND: genmove B
<<< RECV: ['= D8']
>>> SEND: play W D9
<<< RECV: ['=']
>>> SEND: genmove B
<<< RECV: ['= E9']
>>> SEND: play W F1
<<< RECV: ['=']
>>> SEND: genmove B
<<< RECV: ['= D2']
>>> SEND: play W A7
<<< RECV: ['=']
>>> SEND: genmove B
<<< RECV: ['= B8']
>>> SEND: play W C2
<<< RECV: ['=']
>>> SEND: genmove B
<<< RECV: ['= D4']
>>> SEND: play W H1
<<< RECV: ['=']
>>> SEND: genmove B
<<< RECV: ['= J2']
>>> SEND: play W C4
<<< RECV: ['=']
>>> SEND: genmove B
<<< RECV: ['= C5']
>>> SEND: play W B5
<<< RECV: ['=']
>>> SEND: genmove B
<<< RECV: ['= B6']
>>> SEND: play W D1
<<< RECV: ['=']
>>> SEND: genmove B
<<< RECV: ['= C3']
>>> SEND: play W B3
<<< RECV: ['=']
>>> SEND: genmove B
<<< RECV: ['= B4']
>>> SEND: play W H9
<<< RECV: ['=']
>>> SEND: genmove B
<<< RECV: ['= G7']
>>> SEND: play W J8
<<< RECV: ['=']
>>> SEND: genmove B
<<< RECV: ['= H7']
>>> SEND: play W A4
<<< RECV: ['=']
>>> SEND: genmove B
<<< RECV: ['= A5']
>>> SEND: play W B9
<<< RECV: ['=']
>>> SEND: genmove B
<<< RECV: ['= A3']
>>> SEND: play W A2
<<< RECV: ['=']
>>> SEND: genmove B
<<< RECV: ['= J7']
>>> SEND: play W A4
<<< RECV: ['=']
>>> SEND: genmove B
<<< RECV: ['= B1']
>>> SEND: play W A6
<<< RECV: ['=']
>>> SEND: genmove B
<<< RECV: ['= A3']
>>> SEND: play W F9
<<< RECV: ['=']
>>> SEND: genmove B
<<< RECV: ['= J3']
>>> SEND: play W A4
<<< RECV: ['=']
>>> SEND: genmove B
<<< RECV: ['= B2']
>>> SEND: play W E8
<<< RECV: ['=']
>>> SEND: genmove B
<<< RECV: ['= D7']
>>> SEND: play W B5
<<< RECV: ['=']
>>> SEND: genmove B
<<< RECV: ['= C9']
>>> SEND: play W C4
<<< RECV: ['=']
>>> SEND: genmove B
<<< RECV: ['= C1']
>>> SEND: play W C8
<<< RECV: ['=']
>>> SEND: genmove B
<<< RECV: ['= E1']
>>> SEND: play W A8
<<< RECV: ['=']
>>> SEND: genmove B
<<< RECV: ['= B4']
>>> SEND: play W G6
<<< RECV: ['=']
>>> SEND: genmove B
<<< RECV: ['= H6']
>>> SEND: play W C4
<<< RECV: ['=']
>>> SEND: genmove B
<<< RECV: ['= G9']
>>> SEND: play W G8
<<< RECV: ['=']
>>> SEND: genmove B
<<< RECV: ['= B4']
>>> SEND: play W A1
<<< RECV: ['=']
>>> SEND: genmove B
<<< RECV: ['= A3']
>>> SEND: play W A5
<<< RECV: ['=']
>>> SEND: genmove B
<<< RECV: ['= C9']
>>> SEND: play W A2
<<< RECV: ['=']
>>> SEND: genmove B
<<< RECV: ['= A1']
>>> SEND: play W C8
<<< RECV: ['=']
>>> SEND: genmove B
<<< RECV: ['= A9']
>>> SEND: play W A8
<<< RECV: ['=']
>>> SEND: genmove B
<<< RECV: ['= A7']
>>> SEND: play W E9
<<< RECV: ['=']
>>> SEND: genmove B
<<< RECV: ['= J9']
>>> SEND: play W A4
<<< RECV: ['=']
>>> SEND: genmove B
<<< RECV: ['= J8']
>>> SEND: play W A5
<<< RECV: ['=']
>>> SEND: genmove B
<<< RECV: ['= G9']
>>> SEND: play W B5
<<< RECV: ['=']
>>> SEND: genmove B
<<< RECV: ['= A9']
>>> SEND: play W H9
<<< RECV: ['=']
>>> SEND: genmove B
<<< RECV: ['= A8']
>>> SEND: play W C9
<<< RECV: ['=']
>>> SEND: genmove B
<<< RECV: ['= G9']
>>> SEND: play W E8
<<< RECV: ['=']
>>> SEND: genmove B
<<< RECV: ['= F8']
>>> SEND: play W D9
<<< RECV: ['=']
>>> SEND: genmove B
<<< RECV: ['= A6']
>>> SEND: play W E9
<<< RECV: ['=']
>>> SEND: genmove B
<<< RECV: ['= F9']
>>> SEND: play W C9
<<< RECV: ['=']
>>> SEND: genmove B
<<< RECV: ['= B9']
>>> SEND: play W A5
<<< RECV: ['=']
>>> SEND: genmove B
<<< RECV: ['= C8']
>>> SEND: play W D9
<<< RECV: ['=']
>>> SEND: genmove B
<<< RECV: ['= J1']
>>> SEND: play W G4
<<< RECV: ['=']
>>> SEND: genmove B
<<< RECV: ['= E9']
>>> SEND: play W F3
<<< RECV: ['=']
>>> SEND: genmove B
<<< RECV: ['= C9']
>>> SEND: play W G1
<<< RECV: ['=']
>>> SEND: genmove B
<<< RECV: ['= B5']
>>> SEND: play W H4
<<< RECV: ['=']
>>> SEND: genmove B
<<< RECV: ['= A4']
>>> SEND: play W H1
<<< RECV: ['=']
>>> SEND: genmove B
<<< RECV: ['= G3']
>>> SEND: play W G4
<<< RECV: ['=']
>>> SEND: genmove B
<<< RECV: ['= F1']
>>> SEND: play W H1
<<< RECV: ['=']
>>> SEND: genmove B
<<< RECV: ['= G1']
>>> SEND: play W pass
<<< RECV: ['=']
>>> SEND: genmove B
<<< RECV: ['= H4']
>>> SEND: play W pass
<<< RECV: ['=']
>>> SEND: genmove B
<<< RECV: ['= F2']
>>> SEND: play W pass
<<< RECV: ['=']
>>> SEND: genmove B
<<< RECV: ['= pass']
>>> SEND: quit
<<< RECV: ['=']
Round 8: SFT=White | Score B=81 W=7 | Winner: Opponent

Tournament complete!
Final Score: SFT 1 - 7 Opponent
Match ledger written to tools/GO_MATCHES.md.
