=== SFT Go Tournament Referee ===
Starting 2-round match on 13x13 board (search ceiling 3)...
Opponent command: katago gtp
>>> SEND: boardsize 13
<<< RECV: ['=']
>>> SEND: clear_board
<<< RECV: ['=']
>>> SEND: play B G7
<<< RECV: ['=']
>>> SEND: genmove W
<<< RECV: ['= C4']
>>> SEND: play B G8
<<< RECV: ['=']
>>> SEND: genmove W
<<< RECV: ['= L4']
>>> SEND: play B G9
<<< RECV: ['=']
>>> SEND: genmove W
<<< RECV: ['= D11']
>>> SEND: play B C11
<<< RECV: ['=']
>>> SEND: genmove W
<<< RECV: ['= C10']
>>> SEND: play B C12
<<< RECV: ['=']
>>> SEND: genmove W
<<< RECV: ['= D9']
>>> SEND: play B B10
<<< RECV: ['=']
>>> SEND: genmove W
<<< RECV: ['= B9']
>>> SEND: play B B11
<<< RECV: ['=']
>>> SEND: genmove W
<<< RECV: ['= D12']
>>> SEND: play B E12
<<< RECV: ['=']
>>> SEND: genmove W
<<< RECV: ['= E11']
>>> SEND: play B F12
<<< RECV: ['=']
>>> SEND: genmove W
<<< RECV: ['= D13']
>>> SEND: play B E10
<<< RECV: ['=']
>>> SEND: genmove W
<<< RECV: ['= F10']
>>> SEND: play B C5
<<< RECV: ['=']
>>> SEND: genmove W
<<< RECV: ['= D4']
>>> SEND: play B L5
<<< RECV: ['=']
>>> SEND: genmove W
<<< RECV: ['= K5']
>>> SEND: play B B8
<<< RECV: ['=']
>>> SEND: genmove W
<<< RECV: ['= A9']
>>> SEND: play B J5
<<< RECV: ['=']
>>> SEND: genmove W
<<< RECV: ['= L6']
>>> SEND: play B M5
<<< RECV: ['=']
>>> SEND: genmove W
<<< RECV: ['= K4']
>>> SEND: play B L7
<<< RECV: ['=']
>>> SEND: genmove W
<<< RECV: ['= M6']
>>> SEND: play B M4
<<< RECV: ['=']
>>> SEND: genmove W
<<< RECV: ['= K7']
>>> SEND: play B M7
<<< RECV: ['=']
>>> SEND: genmove W
<<< RECV: ['= E8']
>>> SEND: play B N6
<<< RECV: ['=']
>>> SEND: genmove W
<<< RECV: ['= K6']
>>> SEND: play B L3
<<< RECV: ['=']
>>> SEND: genmove W
<<< RECV: ['= K3']
>>> SEND: play B L2
<<< RECV: ['=']
>>> SEND: genmove W
<<< RECV: ['= L8']
>>> SEND: play B M8
<<< RECV: ['=']
>>> SEND: genmove W
<<< RECV: ['= L9']
>>> SEND: play B L10
<<< RECV: ['=']
>>> SEND: genmove W
<<< RECV: ['= M9']
>>> SEND: play B N7
<<< RECV: ['=']
>>> SEND: genmove W
<<< RECV: ['= N2']
>>> SEND: play B E7
<<< RECV: ['=']
>>> SEND: genmove W
<<< RECV: ['= K2']
>>> SEND: play B B4
<<< RECV: ['=']
>>> SEND: genmove W
<<< RECV: ['= K10']
>>> SEND: play B K9
<<< RECV: ['=']
>>> SEND: genmove W
<<< RECV: ['= K11']
>>> SEND: play B C3
<<< RECV: ['=']
>>> SEND: genmove W
<<< RECV: ['= D3']
>>> SEND: play B M10
<<< RECV: ['=']
>>> SEND: genmove W
<<< RECV: ['= K8']
>>> SEND: play B J9
<<< RECV: ['=']
>>> SEND: genmove W
<<< RECV: ['= G10']
>>> SEND: play B C2
<<< RECV: ['=']
>>> SEND: genmove W
<<< RECV: ['= B3']
>>> SEND: play B A3
<<< RECV: ['=']
>>> SEND: genmove W
<<< RECV: ['= D7']
>>> SEND: play B C7
<<< RECV: ['=']
>>> SEND: genmove W
<<< RECV: ['= E6']
>>> SEND: play B D10
<<< RECV: ['=']
>>> SEND: genmove W
<<< RECV: ['= C9']
>>> SEND: play B F6
<<< RECV: ['=']
>>> SEND: genmove W
<<< RECV: ['= D5']
>>> SEND: play B E5
<<< RECV: ['=']
>>> SEND: genmove W
<<< RECV: ['= D6']
>>> SEND: play B B2
<<< RECV: ['=']
>>> SEND: genmove W
<<< RECV: ['= D2']
>>> SEND: play B K12
<<< RECV: ['=']
>>> SEND: genmove W
<<< RECV: ['= L12']
>>> SEND: play B L13
<<< RECV: ['=']
>>> SEND: genmove W
<<< RECV: ['= M11']
>>> SEND: play B M12
<<< RECV: ['=']
>>> SEND: genmove W
<<< RECV: ['= L11']
>>> SEND: play B N9
<<< RECV: ['=']
>>> SEND: genmove W
<<< RECV: ['= C6']
