=== SFT Go Tournament Referee ===
Starting 2-round match on 19x19 board (search ceiling 4)...
Opponent command: katago gtp
>>> SEND: boardsize 19
<<< RECV: ['=']
>>> SEND: clear_board
<<< RECV: ['=']
>>> SEND: play B K10
<<< RECV: ['=']
>>> SEND: genmove W
<<< RECV: ['= D4']
>>> SEND: play B D5
<<< RECV: ['=']
>>> SEND: genmove W
<<< RECV: ['= C5']
>>> SEND: play B D3
<<< RECV: ['=']
>>> SEND: genmove W
<<< RECV: ['= E4']
>>> SEND: play B C6
<<< RECV: ['=']
>>> SEND: genmove W
<<< RECV: ['= C4']
>>> SEND: play B B5
<<< RECV: ['=']
>>> SEND: genmove W
<<< RECV: ['= C16']
>>> SEND: play B C17
<<< RECV: ['=']
>>> SEND: genmove W
<<< RECV: ['= D17']
>>> SEND: play B D16
<<< RECV: ['=']
>>> SEND: genmove W
<<< RECV: ['= C15']
>>> SEND: play B E17
<<< RECV: ['=']
>>> SEND: genmove W
<<< RECV: ['= D18']
>>> SEND: play B B16
<<< RECV: ['=']
>>> SEND: genmove W
<<< RECV: ['= D15']
>>> SEND: play B E15
<<< RECV: ['=']
>>> SEND: genmove W
<<< RECV: ['= E16']
>>> SEND: play B F16
<<< RECV: ['=']
>>> SEND: genmove W
<<< RECV: ['= E14']
>>> SEND: play B F15
<<< RECV: ['=']
>>> SEND: genmove W
<<< RECV: ['= E18']
>>> SEND: play B F17
<<< RECV: ['=']
>>> SEND: genmove W
<<< RECV: ['= Q16']
>>> SEND: play B D14
<<< RECV: ['=']
>>> SEND: genmove W
<<< RECV: ['= D13']
>>> SEND: play B C14
<<< RECV: ['=']
>>> SEND: genmove W
<<< RECV: ['= B14']
>>> SEND: play B E13
<<< RECV: ['=']
>>> SEND: genmove W
<<< RECV: ['= C13']
>>> SEND: play B F14
<<< RECV: ['=']
>>> SEND: genmove W
<<< RECV: ['= E12']
>>> SEND: play B F13
<<< RECV: ['=']
>>> SEND: genmove W
<<< RECV: ['= Q4']
>>> SEND: play B D14
<<< RECV: ['=']
>>> SEND: genmove W
<<< RECV: ['= J17']
>>> SEND: play B D12
<<< RECV: ['=']
>>> SEND: genmove W
<<< RECV: ['= D11']
>>> SEND: play B B13
<<< RECV: ['=']
>>> SEND: genmove W
<<< RECV: ['= C12']
>>> SEND: play B R4
<<< RECV: ['=']
>>> SEND: genmove W
<<< RECV: ['= R3']
>>> SEND: play B Q5
<<< RECV: ['=']
>>> SEND: genmove W
<<< RECV: ['= R5']
>>> SEND: play B F12
<<< RECV: ['=']
>>> SEND: genmove W
<<< RECV: ['= P5']
>>> SEND: play B E11
<<< RECV: ['=']
>>> SEND: genmove W
<<< RECV: ['= E10']
>>> SEND: play B F11
<<< RECV: ['=']
>>> SEND: genmove W
<<< RECV: ['= Q6']
>>> SEND: play B S4
<<< RECV: ['=']
>>> SEND: genmove W
<<< RECV: ['= D9']
>>> SEND: play B D10
<<< RECV: ['=']
>>> SEND: genmove W
<<< RECV: ['= C10']
>>> SEND: play B B15
<<< RECV: ['=']
>>> SEND: genmove W
<<< RECV: ['= F18']
>>> SEND: play B D16
<<< RECV: ['=']
>>> SEND: genmove W
<<< RECV: ['= C14']
>>> SEND: play B H17
<<< RECV: ['=']
>>> SEND: genmove W
<<< RECV: ['= H18']
>>> SEND: play B Q3
<<< RECV: ['=']
>>> SEND: genmove W
<<< RECV: ['= P3']
>>> SEND: play B G18
<<< RECV: ['=']
>>> SEND: genmove W
<<< RECV: ['= G19']
>>> SEND: play B D12
<<< RECV: ['=']
>>> SEND: genmove W
<<< RECV: ['= G17']
>>> SEND: play B H16
<<< RECV: ['=']
>>> SEND: genmove W
<<< RECV: ['= J16']
>>> SEND: play B Q2
<<< RECV: ['=']
>>> SEND: genmove W
<<< RECV: ['= G9']
>>> SEND: play B F4
<<< RECV: ['=']
>>> SEND: genmove W
<<< RECV: ['= E3']
>>> SEND: play B G16
<<< RECV: ['=']
>>> SEND: genmove W
<<< RECV: ['= J14']
>>> SEND: play B J18
<<< RECV: ['=']
>>> SEND: genmove W
<<< RECV: ['= K18']
>>> SEND: play B J19
<<< RECV: ['=']
>>> SEND: genmove W
<<< RECV: ['= H11']
>>> SEND: play B G18
<<< RECV: ['=']
>>> SEND: genmove W
<<< RECV: ['= K19']
>>> SEND: play B H19
<<< RECV: ['=']
>>> SEND: genmove W
<<< RECV: ['= H18']
>>> SEND: play B E12
<<< RECV: ['=']
>>> SEND: genmove W
<<< RECV: ['= J12']
>>> SEND: play B F19
<<< RECV: ['=']
>>> SEND: genmove W
<<< RECV: ['= E19']
>>> SEND: play B G19
<<< RECV: ['? illegal move']
>>> SEND: genmove W
<<< RECV: ['= F5']
>>> SEND: play B J11
<<< RECV: ['=']
>>> SEND: genmove W
<<< RECV: ['= K12']
>>> SEND: play B K17
<<< RECV: ['=']
>>> SEND: genmove W
<<< RECV: ['= S3']
>>> SEND: play B J15
<<< RECV: ['=']
>>> SEND: genmove W
<<< RECV: ['= K15']
>>> SEND: play B K16
<<< RECV: ['=']
>>> SEND: genmove W
<<< RECV: ['= H15']
>>> SEND: play B C18
<<< RECV: ['=']
>>> SEND: genmove W
<<< RECV: ['= K6']
>>> SEND: play B D19
<<< RECV: ['=']
>>> SEND: genmove W
<<< RECV: ['= C19']
>>> SEND: play B D18
<<< RECV: ['? illegal move']
>>> SEND: genmove W
<<< RECV: ['= Q11']
>>> SEND: play B B19
<<< RECV: ['=']
>>> SEND: genmove W
<<< RECV: ['= R16']
>>> SEND: play B A16
<<< RECV: ['=']
>>> SEND: genmove W
<<< RECV: ['= K4']
>>> SEND: play B B17
<<< RECV: ['=']
>>> SEND: genmove W
<<< RECV: ['= P2']
>>> SEND: play B H14
<<< RECV: ['=']
>>> SEND: genmove W
<<< RECV: ['= B4']
>>> SEND: play B G15
<<< RECV: ['=']
>>> SEND: genmove W
<<< RECV: ['= J15']
>>> SEND: play B G13
<<< RECV: ['=']
>>> SEND: genmove W
<<< RECV: ['= A18']
>>> SEND: play B K14
<<< RECV: ['=']
>>> SEND: genmove W
<<< RECV: ['= L14']
>>> SEND: play B L15
<<< RECV: ['=']
>>> SEND: genmove W
<<< RECV: ['= M14']
>>> SEND: play B J13
<<< RECV: ['=']
>>> SEND: genmove W
<<< RECV: ['= K13']
>>> SEND: play B H12
<<< RECV: ['=']
>>> SEND: genmove W
<<< RECV: ['= G11']
>>> SEND: play B L13
<<< RECV: ['=']
>>> SEND: genmove W
<<< RECV: ['= J9']
>>> SEND: play B L12
<<< RECV: ['=']
>>> SEND: genmove W
<<< RECV: ['= M13']
>>> SEND: quit
<<< RECV: ['=']
Round 1: SFT=Black | Score B=73 W=54 | Winner: SFT
>>> SEND: boardsize 19
<<< RECV: ['=']
>>> SEND: clear_board
<<< RECV: ['=']
>>> SEND: genmove B
<<< RECV: ['= R16']
>>> SEND: play W S16
<<< RECV: ['=']
>>> SEND: genmove B
<<< RECV: ['= R15']
>>> SEND: play W Q15
<<< RECV: ['=']
>>> SEND: genmove B
<<< RECV: ['= Q16']
>>> SEND: play W Q17
<<< RECV: ['=']
>>> SEND: genmove B
<<< RECV: ['= R17']
>>> SEND: play W Q18
<<< RECV: ['=']
>>> SEND: genmove B
<<< RECV: ['= P17']
>>> SEND: play W O17
<<< RECV: ['=']
>>> SEND: genmove B
<<< RECV: ['= P18']
>>> SEND: play W P19
<<< RECV: ['=']
>>> SEND: genmove B
<<< RECV: ['= O18']
>>> SEND: play W S15
<<< RECV: ['=']
>>> SEND: genmove B
<<< RECV: ['= R13']
>>> SEND: play W R12
<<< RECV: ['=']
>>> SEND: genmove B
<<< RECV: ['= Q12']
>>> SEND: play W P12
<<< RECV: ['=']
>>> SEND: genmove B
<<< RECV: ['= Q11']
>>> SEND: play W Q10
<<< RECV: ['=']
>>> SEND: genmove B
<<< RECV: ['= R11']
>>> SEND: play W S12
<<< RECV: ['=']
>>> SEND: genmove B
<<< RECV: ['= P11']
>>> SEND: play W O11
<<< RECV: ['=']
>>> SEND: genmove B
<<< RECV: ['= Q3']
>>> SEND: play W N18
<<< RECV: ['=']
>>> SEND: genmove B
<<< RECV: ['= O16']
>>> SEND: play W P15
<<< RECV: ['=']
>>> SEND: genmove B
<<< RECV: ['= N17']
>>> SEND: play W M17
<<< RECV: ['=']
>>> SEND: genmove B
<<< RECV: ['= O10']
>>> SEND: play W N16
<<< RECV: ['=']
>>> SEND: genmove B
<<< RECV: ['= P16']
>>> SEND: play W O9
<<< RECV: ['=']
>>> SEND: genmove B
<<< RECV: ['= P10']
>>> SEND: play W R3
<<< RECV: ['=']
>>> SEND: genmove B
<<< RECV: ['= R4']
>>> SEND: play W Q4
<<< RECV: ['=']
>>> SEND: genmove B
<<< RECV: ['= P3']
>>> SEND: play W S4
<<< RECV: ['=']
>>> SEND: genmove B
<<< RECV: ['= R5']
>>> SEND: play W N10
<<< RECV: ['=']
>>> SEND: genmove B
<<< RECV: ['= S5']
>>> SEND: play W Q2
<<< RECV: ['=']
>>> SEND: genmove B
<<< RECV: ['= R2']
>>> SEND: play W T4
<<< RECV: ['=']
>>> SEND: genmove B
<<< RECV: ['= N9']
>>> SEND: play W N8
<<< RECV: ['=']
>>> SEND: genmove B
<<< RECV: ['= M9']
>>> SEND: play W L9
<<< RECV: ['=']
>>> SEND: genmove B
<<< RECV: ['= M8']
>>> SEND: play W R14
<<< RECV: ['=']
>>> SEND: genmove B
<<< RECV: ['= Q14']
>>> SEND: play W P13
<<< RECV: ['=']
>>> SEND: genmove B
<<< RECV: ['= M10']
>>> SEND: play W R1
<<< RECV: ['=']
>>> SEND: genmove B
<<< RECV: ['= S3']
>>> SEND: play W S2
<<< RECV: ['=']
>>> SEND: genmove B
<<< RECV: ['= R3']
>>> SEND: play W N11
<<< RECV: ['=']
>>> SEND: genmove B
<<< RECV: ['= N15']
>>> SEND: play W M16
<<< RECV: ['=']
>>> SEND: genmove B
<<< RECV: ['= L14']
>>> SEND: play W T3
<<< RECV: ['=']
>>> SEND: genmove B
<<< RECV: ['= J4']
>>> SEND: play W S6
<<< RECV: ['=']
>>> SEND: genmove B
<<< RECV: ['= Q13']
>>> SEND: play W J5
<<< RECV: ['=']
>>> SEND: genmove B
<<< RECV: ['= K5']
>>> SEND: play W K4
<<< RECV: ['=']
>>> SEND: genmove B
<<< RECV: ['= L5']
>>> SEND: play W M5
<<< RECV: ['=']
>>> SEND: genmove B
<<< RECV: ['= L4']
>>> SEND: play W K3
<<< RECV: ['=']
>>> SEND: genmove B
<<< RECV: ['= J3']
>>> SEND: play W M14
<<< RECV: ['=']
>>> SEND: genmove B
<<< RECV: ['= M15']
>>> SEND: play W H4
<<< RECV: ['=']
>>> SEND: genmove B
<<< RECV: ['= H3']
>>> SEND: play W K6
<<< RECV: ['=']
>>> SEND: genmove B
<<< RECV: ['= L6']
>>> SEND: play W G3
<<< RECV: ['=']
>>> SEND: genmove B
<<< RECV: ['= H5']
>>> SEND: play W K7
<<< RECV: ['=']
>>> SEND: genmove B
<<< RECV: ['= J6']
>>> SEND: play W G4
<<< RECV: ['=']
>>> SEND: genmove B
<<< RECV: ['= D4']
>>> SEND: play W C4
<<< RECV: ['=']
>>> SEND: genmove B
<<< RECV: ['= C3']
>>> SEND: play W C2
<<< RECV: ['=']
>>> SEND: genmove B
<<< RECV: ['= C5']
>>> SEND: play W B4
<<< RECV: ['=']
>>> SEND: genmove B
<<< RECV: ['= D3']
>>> SEND: play W E3
<<< RECV: ['=']
>>> SEND: genmove B
<<< RECV: ['= D2']
>>> SEND: play W D5
<<< RECV: ['=']
>>> SEND: genmove B
<<< RECV: ['= D6']
>>> SEND: play W E5
<<< RECV: ['=']
>>> SEND: genmove B
<<< RECV: ['= C6']
>>> SEND: play W O3
<<< RECV: ['=']
>>> SEND: genmove B
<<< RECV: ['= F7']
>>> SEND: play W F8
<<< RECV: ['=']
>>> SEND: genmove B
<<< RECV: ['= G8']
>>> SEND: play W H6
<<< RECV: ['=']
>>> SEND: genmove B
<<< RECV: ['= H7']
>>> SEND: play W G6
<<< RECV: ['=']
>>> SEND: genmove B
<<< RECV: ['= G7']
>>> SEND: play W G9
<<< RECV: ['=']
>>> SEND: genmove B
<<< RECV: ['= H9']
>>> SEND: play W J2
<<< RECV: ['=']
>>> SEND: genmove B
<<< RECV: ['= H2']
>>> SEND: play W J7
<<< RECV: ['=']
>>> SEND: genmove B
<<< RECV: ['= J5']
>>> SEND: play W M7
<<< RECV: ['=']
>>> SEND: genmove B
<<< RECV: ['= L7']
>>> SEND: play W E7
<<< RECV: ['=']
>>> SEND: genmove B
<<< RECV: ['= F9']
>>> SEND: play W J8
<<< RECV: ['=']
>>> SEND: genmove B
<<< RECV: ['= G10']
>>> SEND: play W E8
<<< RECV: ['=']
>>> SEND: genmove B
<<< RECV: ['= D10']
>>> SEND: play W D11
<<< RECV: ['=']
>>> SEND: genmove B
<<< RECV: ['= C10']
>>> SEND: play W B10
<<< RECV: ['=']
>>> SEND: genmove B
<<< RECV: ['= C11']
>>> SEND: play W C9
<<< RECV: ['=']
>>> SEND: genmove B
<<< RECV: ['= B11']
>>> SEND: play W C12
<<< RECV: ['=']
>>> SEND: quit
<<< RECV: ['=']
Round 2: SFT=White | Score B=66 W=70 | Winner: SFT

Tournament complete!
Final Score: SFT 2 - 0 Opponent
Match ledger written to tools/GO_MATCHES.md.
/Library/Developer/CommandLineTools/Library/Frameworks/Python3.framework/Versions/3.9/lib/python3.9/multiprocessing/resource_tracker.py:96: UserWarning: resource_tracker: process died unexpectedly, relaunching.  Some resources might leak.
  warnings.warn('resource_tracker: process died unexpectedly, '
Traceback (most recent call last):
  File "/Library/Developer/CommandLineTools/Library/Frameworks/Python3.framework/Versions/3.9/lib/python3.9/multiprocessing/resource_tracker.py", line 201, in main
    cache[rtype].remove(name)
KeyError: '/mp-dohv09dx'
Traceback (most recent call last):
  File "/Library/Developer/CommandLineTools/Library/Frameworks/Python3.framework/Versions/3.9/lib/python3.9/multiprocessing/resource_tracker.py", line 201, in main
    cache[rtype].remove(name)
KeyError: '/mp-7tu80iva'
Traceback (most recent call last):
  File "/Library/Developer/CommandLineTools/Library/Frameworks/Python3.framework/Versions/3.9/lib/python3.9/multiprocessing/resource_tracker.py", line 201, in main
    cache[rtype].remove(name)
KeyError: '/mp-2jutz28y'
Traceback (most recent call last):
  File "/Library/Developer/CommandLineTools/Library/Frameworks/Python3.framework/Versions/3.9/lib/python3.9/multiprocessing/resource_tracker.py", line 201, in main
    cache[rtype].remove(name)
KeyError: '/mp-0e312bc_'
Traceback (most recent call last):
  File "/Library/Developer/CommandLineTools/Library/Frameworks/Python3.framework/Versions/3.9/lib/python3.9/multiprocessing/resource_tracker.py", line 201, in main
    cache[rtype].remove(name)
KeyError: '/mp-x7p0akes'
